C:\Users\yekta\AppData\Local\Python\pythoncore-3.14-64\python.exe: can't open file 'C:\\Users\\yekta\\Masa³st³\\AiCode\\FirebaseUniRide\\UniRide\\run_smart_benchmark_numba.py': [Errno 2] No such file or directory
