# Move Operations Log
## Date: 2026-04-11
## Author: yekta (AI Assistant)

## Moved Files:
- 01_Implementation_Status.md
- 02_Architecture.md
- 03_Roadmap.md
- 04_Changelog.md
- ALGORITHM_AUDIT_REPORT.md
- ALGORITHM_COMPARISON.md
- BENCHMARK_INTEGRATION_CHECKLIST.md
- BENCHMARK_QUICK_REFERENCE.md
- BENCHMARK_STUDIO_INTEGRATION_REPORT.md
- CODEBASE_ANALYSIS_REPORT_04_10_2026.md
- CODE_REVIEW_SUMMARY.md
- FCM_CLUSTERING_ANALIZI.md
- GITHUB_WORKFLOW.md
- HOW_TO_FIX_AUDIT_FINDINGS.md
- HYBRID_LOCAL_SEARCH_DOKUMENTASYON.md
- improvement_analysis.10.04.2026.12.30.md
- improvement_analysis.10.04.2026.13.07.md
- konusma_gecmisi.txt
- MOVED_TO_GEREKSIZ_LOG.md
- OZET_KOD_INCELEMESI.md
- PROPOSED_CHANGES_REVIEW_LOG.md
- QUICK_REFERENCE.md
- sota_framework_plan_2026\